2025-08-10 14:18:11.777 I Raycast[83293:efbb30] [com.raycast.macos:focus] Start focus session
Goal: rumps
Duration: 60
2025-08-10 14:18:13.896 I Raycast[83293:efbb30] [com.raycast.macos:focus] Complete focus session
2025-08-10 14:18:13.910 I Raycast[83293:efbb30] [com.raycast.macos:focus] Stop focus session
2025-08-10 14:18:14.060 I Raycast[83293:171005b] [com.raycast.macos:focus] Focus session activity summary
Start date: 2025-08-10 18:18:11 +0000
Source: command
Duration:
Pauses Count: 0
Block Events Count: 0
Snooze Events Count: 0
2025-08-10 14:18:15.229 I Raycast[83293:efbb30] [com.raycast.macos:focus] Start focus session
Goal: rumps
Duration: 60
2025-08-10 14:18:16.487 I Raycast[83293:efbb30] [com.raycast.macos:focus] Complete focus session
2025-08-10 14:18:16.510 I Raycast[83293:efbb30] [com.raycast.macos:focus] Stop focus session
2025-08-10 14:18:16.550 I Raycast[83293:1710272] [com.raycast.macos:focus] Focus session activity summary
Start date: 2025-08-10 18:18:15 +0000
Source: command
Duration:
Pauses Count: 0
Block Events Count: 0
Snooze Events Count: 0
2025-08-10 14:18:17.743 I Raycast[83293:efbb30] [com.raycast.macos:focus] Start focus session
Goal: rumps
Duration: 60
2025-08-10 14:19:20.404 I Raycast[83293:efbb30] [com.raycast.macos:focus] Complete focus session
2025-08-10 14:19:20.405 I Raycast[83293:efbb30] [com.raycast.macos:focus] Stop focus session
2025-08-10 14:19:20.441 I Raycast[83293:1710413] [com.raycast.macos:focus] Focus session activity summary
Start date: 2025-08-10 18:18:17 +0000
Source: command
Duration: 1 minute
Pauses Count: 0
Block Events Count: 0
Snooze Events Count: 0
Title: ####
Source: com.mitchellh.ghostty
2025-08-10 14:20:07.197 I Raycast[83293:efbb30] [com.raycast.macos:focus] Start focus session
Goal: rumps
Duration: 60
2025-08-10 14:20:10.062 I Raycast[83293:efbb30] [com.raycast.macos:focus] Cancel focus session
2025-08-10 14:20:10.062 I Raycast[83293:efbb30] [com.raycast.macos:focus] Stop focus session
2025-08-10 14:20:13.029 Db Raycast[83293:efbb30] [com.raycast.macos:focus] Restoring stored form state
Title: rumps
Filter Mode: Block
2025-08-10 14:20:14.516 I Raycast[83293:efbb30] [com.raycast.macos:focus] Start focus session
Goal: rumps
Duration: 60
2025-08-10 14:20:15.902 I Raycast[83293:efbb30] [com.raycast.macos:focus] Complete focus session
2025-08-10 14:20:15.919 I Raycast[83293:efbb30] [com.raycast.macos:focus] Stop focus session
2025-08-10 14:20:16.077 I Raycast[83293:1710aab] [com.raycast.macos:focus] Focus session activity summary
Start date: 2025-08-10 18:20:14 +0000
Source: command
Duration:
Pauses Count: 0
Block Events Count: 0
Snooze Events Count: 0
Title: ####
Source: com.mitchellh.ghostty
Title: ####
Source: notion.id
Title: ####
Source: notion.id
Title: ####
Source: com.mitchellh.ghostty
Title: ####
Source: com.mitchellh.ghostty
Title: ####
Source: com.mitchellh.ghostty
Title: ####
Source: com.mitchellh.ghostty
Title: ####
Source: notion.id
Title: ####
Source: notion.id
Title: ####
Source: com.mitchellh.ghostty
Title: ####
Source: com.mitchellh.ghostty
Title: ####
Source: com.mitchellh.ghostty
Title: ####
Source: com.mitchellh.ghostty
2025-08-10 15:09:29.492 Db Raycast[83293:efbb30] [com.raycast.macos:focus] Restoring stored form state
Title: rumps
Filter Mode: Block
2025-08-10 15:09:38.209 I Raycast[83293:efbb30] [com.raycast.macos:focus] Start focus session
Goal: raycast
Duration: 3000
2025-08-10 15:13:38.381 Db Raycast[83293:efbb30] [com.raycast.macos:focus] Stop website redirection task
2025-08-10 15:14:19.790 Db Raycast[83293:efbb30] [com.raycast.macos:focus] Stop website redirection task
2025-08-10 15:14:45.823 Db Raycast[83293:efbb30] [com.raycast.macos:focus] Stop website redirection task
Title: ####
Source: com.mitchellh.ghostty
2025-08-10 15:15:19.411 Db Raycast[83293:efbb30] [com.raycast.macos:focus] Stop website redirection task
Title: ####
Source: com.mitchellh.ghostty
2025-08-10 15:18:36.080 Db Raycast[83293:efbb30] [com.raycast.macos:focus] Stop website redirection task
2025-08-10 15:24:48.679 Db Raycast[83293:efbb30] [com.raycast.macos:focus] Stop website redirection task
Title: ####
Source: com.mitchellh.ghostty
Title: ####
Source: com.mitchellh.ghostty
Title: ####
Source: com.mitchellh.ghostty
Title: ####
Source: com.mitchellh.ghostty
2025-08-10 15:33:36.626 I Raycast[83293:efbb30] [com.raycast.macos:focus] Complete focus session
2025-08-10 15:33:36.663 I Raycast[83293:efbb30] [com.raycast.macos:focus] Stop focus session
2025-08-10 15:33:36.845 I Raycast[83293:17258b0] [com.raycast.macos:focus] Focus session activity summary
Start date: 2025-08-10 19:09:38 +0000
Source: command
Duration: 23 minutes
Pauses Count: 0
Block Events Count: 0
Snooze Events Count: 0
Title: ####
Source: com.mitchellh.ghostty
Title: ####
Source: com.mitchellh.ghostty
Title: ####
Source: com.mitchellh.ghostty
Title: ####
Source: com.mitchellh.ghostty
2025-08-10 15:47:35.538 I Raycast[83293:efbb30] [com.raycast.macos:focus] Start focus session
Goal: raycast
Duration: 3000
2025-08-10 15:47:40.067 I Raycast[83293:efbb30] [com.raycast.macos:focus] Cancel focus session
2025-08-10 15:47:40.067 I Raycast[83293:efbb30] [com.raycast.macos:focus] Stop focus session
2025-08-10 15:48:06.202 Db Raycast[83293:efbb30] [com.raycast.macos:focus] Restoring stored form state
Title: raycast
Filter Mode: Block
2025-08-10 15:48:11.766 I Raycast[83293:efbb30] [com.raycast.macos:focus] Start focus session
Goal: raycast
Duration: 60
2025-08-10 15:49:25.072 I Raycast[83293:efbb30] [com.raycast.macos:focus] Complete focus session
2025-08-10 15:49:25.073 I Raycast[83293:efbb30] [com.raycast.macos:focus] Stop focus session
2025-08-10 15:49:25.108 I Raycast[83293:1729563] [com.raycast.macos:focus] Focus session activity summary
Start date: 2025-08-10 19:48:11 +0000
Source: command
Duration: 1 minute
Pauses Count: 0
Block Events Count: 0
Snooze Events Count: 0
Title: ####
Source: com.mitchellh.ghostty
Title: ####
Source: com.mitchellh.ghostty
Title: ####
Source: com.mitchellh.ghostty
Title: ####
Source: com.mitchellh.ghostty
Title: ####
Source: com.mitchellh.ghostty
Title: ####
Source: com.mitchellh.ghostty
Title: ####
Source: app.zen-browser.zen
Title: ####
Source: com.mitchellh.ghostty
Title: ####
Source: com.mitchellh.ghostty
Title: ####
Source: com.mitchellh.ghostty
Title: ####
Source: com.mitchellh.ghostty
Title: ####
Source: com.mitchellh.ghostty
Title: ####
Source: com.mitchellh.ghostty
Title: ####
Source: com.mitchellh.ghostty
Title: ####
Source: com.mitchellh.ghostty
Title: ####
Source: com.mitchellh.ghostty
Title: ####
Source: com.mitchellh.ghostty
Title: ####
Source: com.mitchellh.ghostty
Title: ####
Source: com.mitchellh.ghostty
Title: ####
Source: com.mitchellh.ghostty
Title: ####
Source: com.mitchellh.ghostty
Title: ####
Source: com.mitchellh.ghostty
Title: ####
Source: com.mitchellh.ghostty
Title: ####
Source: com.mitchellh.ghostty
Title: ####
Source: com.mitchellh.ghostty
Title: ####
Source: com.mitchellh.ghostty
Title: ####
Source: com.mitchellh.ghostty
Title: ####
Source: com.mitchellh.ghostty
Title: ####
Source: com.mitchellh.ghostty
Title: ####
Source: com.mitchellh.ghostty
Title: ####
Source: com.mitchellh.ghostty
Title: ####
Source: com.mitchellh.ghostty
Title: ####
Source: com.mitchellh.ghostty
Title: ####
Source: com.mitchellh.ghostty
Title: ####
Source: com.mitchellh.ghostty
Title: ####
Source: com.mitchellh.ghostty
Title: ####
Source: com.mitchellh.ghostty
Title: ####
Source: com.mitchellh.ghostty
Title: ####
Source: com.mitchellh.ghostty
Title: ####
Source: com.mitchellh.ghostty
Title: ####
Source: com.mitchellh.ghostty
Title: ####
Source: com.mitchellh.ghostty
Title: ####
Source: com.mitchellh.ghostty
Title: ####
Source: com.mitchellh.ghostty
Title: ####
Source: com.mitchellh.ghostty
Title: ####
Source: com.mitchellh.ghostty
Title: ####
Source: com.mitchellh.ghostty
Title: ####
Source: com.mitchellh.ghostty
Title: ####
Source: com.mitchellh.ghostty
Title: ####
Source: com.mitchellh.ghostty
